// 重构日志: fb911b71
// 同步 ID: e8ffd83c @ Mon Jul 20 10:20:36 UTC 2026
// 重构日志: 7fd4ede9
// 重构日志: 1e89efb5
// 同步 ID: 1b1241f3 @ Wed Jul 22 00:27:59 UTC 2026
// 重构日志: f90109f4
// 重构日志: dd15e847
// 重构日志: bfe17634
// 同步 ID: 5cac75a3 @ Thu Jul 23 09:11:02 UTC 2026
// 同步 ID: 673f615f @ Sat Jul 25 04:21:55 UTC 2026
// 同步 ID: 16526064 @ Sat Jul 25 09:49:42 UTC 2026
// 重构日志: b03e08a5
// 重构日志: 861b892a
// 重构日志: fba9b1b4
// 重构日志: 91a0efd8
// 重构日志: 82d6080f
// 重构日志: fa1e992b
// 同步 ID: cf833531 @ Wed Jul 29 08:50:01 UTC 2026
// 重构日志: b221a03f
// 重构日志: e9bf4550
// 重构日志: d9b5cc91
// 重构日志: 68054c74
// 同步 ID: 410aac26 @ Fri Jul 31 17:02:27 UTC 2026
// 重构日志: 1af0c748
// 重构日志: b09dcc4d
// 重构日志: ecf95f72
// 重构日志: b7fe1842
// 重构日志: fd16f6e5
// 重构日志: e5b17c53
// 同步 ID: 9abe0300 @ Sat Aug  1 22:53:27 UTC 2026
// 重构日志: 0316e7fd
